Starting advanced analysis session
*****************************************

******* Analysis Started On:Mon Jun 16 12:56:25 2025

Advance Analyses Project File Name : f:/simran_intern/orcade/analog_multiplier-PSpiceFiles/SCHEMATIC1/SCHEMATIC1.$ap


Processing analysis specifications

Listing Profiles:
 - mul.sim


Simulation Run: 0 (Nominal Run)
Param : R51.VALUE  (R_R51.Value) = 250k
Param : R22.VALUE  (R_R22.Value) = 1k
Param : R21.VALUE  (R_R21.Value) = 1k
Param : R12.VALUE  (R_R12.Value) = 10k
Param : R52.VALUE  (R_R52.Value) = 250k
Param : R31.VALUE  (R_R31.Value) = 250k
Param : R32.VALUE  (R_R32.Value) = 250k
Param : R11.VALUE  (R_R11.Value) = 10k
Param : R41.VALUE  (R_R41.Value) = 500k
Param : R42.VALUE  (R_R42.Value) = 500k

Specs : Max(V(Vout)) = 96.38242110925788m
Nominal run completed
Sensitivity runs underway.....


Simulation Run: 1
Param : R51.VALUE  (R_R51.Value) = 255k
Param : R22.VALUE  (R_R22.Value) = 1k
Param : R21.VALUE  (R_R21.Value) = 1k
Param : R12.VALUE  (R_R12.Value) = 10k
Param : R52.VALUE  (R_R52.Value) = 250k
Param : R31.VALUE  (R_R31.Value) = 250k
Param : R32.VALUE  (R_R32.Value) = 250k
Param : R11.VALUE  (R_R11.Value) = 10k
Param : R41.VALUE  (R_R41.Value) = 500k
Param : R42.VALUE  (R_R42.Value) = 500k

Specs : Max(V(Vout)) = 95.64851434099353m
Sensitivity run: 1 of 10 completed


Simulation Run: 2
Param : R51.VALUE  (R_R51.Value) = 250k
Param : R22.VALUE  (R_R22.Value) = 1.02000000000000k
Param : R21.VALUE  (R_R21.Value) = 1k
Param : R12.VALUE  (R_R12.Value) = 10k
Param : R52.VALUE  (R_R52.Value) = 250k
Param : R31.VALUE  (R_R31.Value) = 250k
Param : R32.VALUE  (R_R32.Value) = 250k
Param : R11.VALUE  (R_R11.Value) = 10k
Param : R41.VALUE  (R_R41.Value) = 500k
Param : R42.VALUE  (R_R42.Value) = 500k

Specs : Max(V(Vout)) = 100.94242460675251m
Sensitivity run: 2 of 10 completed


Simulation Run: 3
Param : R51.VALUE  (R_R51.Value) = 250k
Param : R22.VALUE  (R_R22.Value) = 1k
Param : R21.VALUE  (R_R21.Value) = 1.02000000000000k
Param : R12.VALUE  (R_R12.Value) = 10k
Param : R52.VALUE  (R_R52.Value) = 250k
Param : R31.VALUE  (R_R31.Value) = 250k
Param : R32.VALUE  (R_R32.Value) = 250k
Param : R11.VALUE  (R_R11.Value) = 10k
Param : R41.VALUE  (R_R41.Value) = 500k
Param : R42.VALUE  (R_R42.Value) = 500k

Specs : Max(V(Vout)) = 93.60963807255018m
Sensitivity run: 3 of 10 completed


Simulation Run: 4
Param : R51.VALUE  (R_R51.Value) = 250k
Param : R22.VALUE  (R_R22.Value) = 1k
Param : R21.VALUE  (R_R21.Value) = 1k
Param : R12.VALUE  (R_R12.Value) = 10.20000000000000k
Param : R52.VALUE  (R_R52.Value) = 250k
Param : R31.VALUE  (R_R31.Value) = 250k
Param : R32.VALUE  (R_R32.Value) = 250k
Param : R11.VALUE  (R_R11.Value) = 10k
Param : R41.VALUE  (R_R41.Value) = 500k
Param : R42.VALUE  (R_R42.Value) = 500k

Specs : Max(V(Vout)) = 94.78385596931105m
Sensitivity run: 4 of 10 completed


Simulation Run: 5
Param : R51.VALUE  (R_R51.Value) = 250k
Param : R22.VALUE  (R_R22.Value) = 1k
Param : R21.VALUE  (R_R21.Value) = 1k
Param : R12.VALUE  (R_R12.Value) = 10k
Param : R52.VALUE  (R_R52.Value) = 255k
Param : R31.VALUE  (R_R31.Value) = 250k
Param : R32.VALUE  (R_R32.Value) = 250k
Param : R11.VALUE  (R_R11.Value) = 10k
Param : R41.VALUE  (R_R41.Value) = 500k
Param : R42.VALUE  (R_R42.Value) = 500k

Specs : Max(V(Vout)) = 97.21905497228533m
Sensitivity run: 5 of 10 completed


Simulation Run: 6
Param : R51.VALUE  (R_R51.Value) = 250k
Param : R22.VALUE  (R_R22.Value) = 1k
Param : R21.VALUE  (R_R21.Value) = 1k
Param : R12.VALUE  (R_R12.Value) = 10k
Param : R52.VALUE  (R_R52.Value) = 250k
Param : R31.VALUE  (R_R31.Value) = 255k
Param : R32.VALUE  (R_R32.Value) = 250k
Param : R11.VALUE  (R_R11.Value) = 10k
Param : R41.VALUE  (R_R41.Value) = 500k
Param : R42.VALUE  (R_R42.Value) = 500k

Specs : Max(V(Vout)) = 65.99038902179922m
Sensitivity run: 6 of 10 completed


Simulation Run: 7
Param : R51.VALUE  (R_R51.Value) = 250k
Param : R22.VALUE  (R_R22.Value) = 1k
Param : R21.VALUE  (R_R21.Value) = 1k
Param : R12.VALUE  (R_R12.Value) = 10k
Param : R52.VALUE  (R_R52.Value) = 250k
Param : R31.VALUE  (R_R31.Value) = 250k
Param : R32.VALUE  (R_R32.Value) = 255k
Param : R11.VALUE  (R_R11.Value) = 10k
Param : R41.VALUE  (R_R41.Value) = 500k
Param : R42.VALUE  (R_R42.Value) = 500k

Specs : Max(V(Vout)) = 124.65355532360078m
Sensitivity run: 7 of 10 completed


Simulation Run: 8
Param : R51.VALUE  (R_R51.Value) = 250k
Param : R22.VALUE  (R_R22.Value) = 1k
Param : R21.VALUE  (R_R21.Value) = 1k
Param : R12.VALUE  (R_R12.Value) = 10k
Param : R52.VALUE  (R_R52.Value) = 250k
Param : R31.VALUE  (R_R31.Value) = 250k
Param : R32.VALUE  (R_R32.Value) = 250k
Param : R11.VALUE  (R_R11.Value) = 10.20000000000000k
Param : R41.VALUE  (R_R41.Value) = 500k
Param : R42.VALUE  (R_R42.Value) = 500k

Specs : Max(V(Vout)) = 95.87185386564556m
Sensitivity run: 8 of 10 completed


Simulation Run: 9
Param : R51.VALUE  (R_R51.Value) = 250k
Param : R22.VALUE  (R_R22.Value) = 1k
Param : R21.VALUE  (R_R21.Value) = 1k
Param : R12.VALUE  (R_R12.Value) = 10k
Param : R52.VALUE  (R_R52.Value) = 250k
Param : R31.VALUE  (R_R31.Value) = 250k
Param : R32.VALUE  (R_R32.Value) = 250k
Param : R11.VALUE  (R_R11.Value) = 10k
Param : R41.VALUE  (R_R41.Value) = 510k
Param : R42.VALUE  (R_R42.Value) = 500k

Specs : Max(V(Vout)) = 126.61825505631441m
Sensitivity run: 9 of 10 completed


Simulation Run: 10
Param : R51.VALUE  (R_R51.Value) = 250k
Param : R22.VALUE  (R_R22.Value) = 1k
Param : R21.VALUE  (R_R21.Value) = 1k
Param : R12.VALUE  (R_R12.Value) = 10k
Param : R52.VALUE  (R_R52.Value) = 250k
Param : R31.VALUE  (R_R31.Value) = 250k
Param : R32.VALUE  (R_R32.Value) = 250k
Param : R11.VALUE  (R_R11.Value) = 10k
Param : R41.VALUE  (R_R41.Value) = 500k
Param : R42.VALUE  (R_R42.Value) = 510k

Specs : Max(V(Vout)) = 67.00261012088404m
Sensitivity run: 10 of 10 completed
Sensitivity runs completed
Sensitivity bar lengths computed
Worstcase runs underway.....


Simulation Run: 11
Param : R51.VALUE  (R_R51.Value) = 262.50000000000000k
Param : R22.VALUE  (R_R22.Value) = 950
Param : R21.VALUE  (R_R21.Value) = 1.05000000000000k
Param : R12.VALUE  (R_R12.Value) = 10.50000000000000k
Param : R52.VALUE  (R_R52.Value) = 237.50000000000000k
Param : R31.VALUE  (R_R31.Value) = 262.50000000000000k
Param : R32.VALUE  (R_R32.Value) = 237.50000000000000k
Param : R11.VALUE  (R_R11.Value) = 10.50000000000000k
Param : R41.VALUE  (R_R41.Value) = 475k
Param : R42.VALUE  (R_R42.Value) = 525k

Specs : Max(V(Vout)) = -252.45806793182922m
Minimum run: 1 of 1 completed
Sensitivity minimum runs completed


Simulation Run: 12
Param : R51.VALUE  (R_R51.Value) = 237.50000000000000k
Param : R22.VALUE  (R_R22.Value) = 1.05000000000000k
Param : R21.VALUE  (R_R21.Value) = 950
Param : R12.VALUE  (R_R12.Value) = 9.50000000000000k
Param : R52.VALUE  (R_R52.Value) = 262.50000000000000k
Param : R31.VALUE  (R_R31.Value) = 237.50000000000000k
Param : R32.VALUE  (R_R32.Value) = 262.50000000000000k
Param : R11.VALUE  (R_R11.Value) = 9.50000000000000k
Param : R41.VALUE  (R_R41.Value) = 525k
Param : R42.VALUE  (R_R42.Value) = 475k

Specs : Max(V(Vout)) = 402.55204291540548m
Maximum run: 1 of 1 completed
Sensitivity maximum runs completed
-------------------- Sensitivity analysis completed --------------------
Mon Jun 16 12:56:40 2025

Analysis complete

******* Analysis stopped at:Mon Jun 16 12:56:40 2025

Analysis time: 00:00:15


End of advanced analysis session
